<?xml version="1.0" encoding="utf-8"?>
<?AutomationStudio Version="4.10.3.60 SP"?>
<Objects>
  <Object
    Path="C:\projects\DietrichBrewing\Logical\Package.pkg"
    LogicalPath=""
    Type="Package.ParentUnknown"
    LastWriteTime="132809694538888223" />
  <Object
    Path="C:\projects\DietrichBrewing\Temp\Includes\AS_TempDecl\Config1\GlobalComponents\MpComponents.var"
    LogicalPath="MpComponents.var"
    Type="File"
    LastWriteTime="132809446717862791"
    Private="false" />
  <Object
    Path="C:\projects\DietrichBrewing\Logical\Global.typ"
    LogicalPath="Global.typ"
    Type="File"
    LastWriteTime="132811259065325710"
    Private="false" />
  <Object
    Path="C:\projects\DietrichBrewing\Logical\Global.var"
    LogicalPath="Global.var"
    Type="File"
    LastWriteTime="132810418606741401"
    Private="false" />
  <Object
    Path="C:\projects\DietrichBrewing\Logical\Libraries\Package.pkg"
    LogicalPath="Libraries"
    Type="Package"
    LastWriteTime="132811262540593182" />
  <Object
    Path="C:\projects\DietrichBrewing\Logical\Libraries\operator\binary.lby"
    LogicalPath="Libraries.operator"
    Type="Library"
    LastWriteTime="132809433719859388" />
  <Object
    Path="C:\projects\DietrichBrewing\Logical\Libraries\operator\operator.fun"
    LogicalPath="Libraries.operator.operator.fun"
    Type="File"
    LastWriteTime="132809433719859388"
    Private="false" />
  <Object
    Path="C:\projects\DietrichBrewing\Logical\Libraries\operator\operator.typ"
    LogicalPath="Libraries.operator.operator.typ"
    Type="File"
    LastWriteTime="132809433719859388"
    Private="false" />
  <Object
    Path="C:\projects\DietrichBrewing\Logical\Libraries\operator\operator.var"
    LogicalPath="Libraries.operator.operator.var"
    Type="File"
    LastWriteTime="132809433719859388"
    Private="false" />
  <Object
    Path="C:\projects\DietrichBrewing\Logical\Libraries\runtime\binary.lby"
    LogicalPath="Libraries.runtime"
    Type="Library"
    LastWriteTime="132809433722512199" />
  <Object
    Path="C:\projects\DietrichBrewing\Logical\Libraries\runtime\runtime.fun"
    LogicalPath="Libraries.runtime.runtime.fun"
    Type="File"
    LastWriteTime="132809433722382918"
    Private="false" />
  <Object
    Path="C:\projects\DietrichBrewing\Logical\Libraries\runtime\runtime.typ"
    LogicalPath="Libraries.runtime.runtime.typ"
    Type="File"
    LastWriteTime="132809433722512199"
    Private="false" />
  <Object
    Path="C:\projects\DietrichBrewing\Logical\Libraries\runtime\runtime.var"
    LogicalPath="Libraries.runtime.runtime.var"
    Type="File"
    LastWriteTime="132809433722512199"
    Private="false" />
  <Object
    Path="C:\projects\DietrichBrewing\Logical\Libraries\astime\binary.lby"
    LogicalPath="Libraries.astime"
    Type="Library"
    LastWriteTime="132809433725481551" />
  <Object
    Path="C:\projects\DietrichBrewing\Logical\Libraries\astime\astime.fun"
    LogicalPath="Libraries.astime.astime.fun"
    Type="File"
    LastWriteTime="132809433725481551"
    Private="false" />
  <Object
    Path="C:\projects\DietrichBrewing\Logical\Libraries\astime\astime.typ"
    LogicalPath="Libraries.astime.astime.typ"
    Type="File"
    LastWriteTime="132809433725481551"
    Private="false" />
  <Object
    Path="C:\projects\DietrichBrewing\Logical\Libraries\astime\astime.var"
    LogicalPath="Libraries.astime.astime.var"
    Type="File"
    LastWriteTime="132809433725481551"
    Private="false" />
  <Object
    Path="C:\projects\DietrichBrewing\Logical\Libraries\AsIecCon\binary.lby"
    LogicalPath="Libraries.AsIecCon"
    Type="Library"
    LastWriteTime="132809433728153066" />
  <Object
    Path="C:\projects\DietrichBrewing\Logical\Libraries\AsIecCon\AsIecCon.fun"
    LogicalPath="Libraries.AsIecCon.AsIecCon.fun"
    Type="File"
    LastWriteTime="132809433728153066"
    Private="false" />
  <Object
    Path="C:\projects\DietrichBrewing\Logical\Libraries\AsIecCon\AsIecCon.typ"
    LogicalPath="Libraries.AsIecCon.AsIecCon.typ"
    Type="File"
    LastWriteTime="132809433728153066"
    Private="false" />
  <Object
    Path="C:\projects\DietrichBrewing\Logical\Libraries\AsIecCon\AsIecCon.var"
    LogicalPath="Libraries.AsIecCon.AsIecCon.var"
    Type="File"
    LastWriteTime="132809433728153066"
    Private="false" />
  <Object
    Path="C:\projects\DietrichBrewing\Logical\Libraries\MpTemp\Binary.lby"
    LogicalPath="Libraries.MpTemp"
    Type="Library"
    LastWriteTime="132809440594087796" />
  <Object
    Path="C:\projects\DietrichBrewing\Logical\Libraries\MpTemp\MpTemp.var"
    LogicalPath="Libraries.MpTemp.MpTemp.var"
    Type="File"
    LastWriteTime="132809440594008702"
    Private="false" />
  <Object
    Path="C:\projects\DietrichBrewing\Logical\Libraries\MpTemp\MpTemp.typ"
    LogicalPath="Libraries.MpTemp.MpTemp.typ"
    Type="File"
    LastWriteTime="132809440594027210"
    Private="false" />
  <Object
    Path="C:\projects\DietrichBrewing\Logical\Libraries\MpTemp\MpTempError.typ"
    LogicalPath="Libraries.MpTemp.MpTempError.typ"
    Type="File"
    LastWriteTime="132809440594037870"
    Private="false" />
  <Object
    Path="C:\projects\DietrichBrewing\Logical\Libraries\MpTemp\MpTempAlarm.typ"
    LogicalPath="Libraries.MpTemp.MpTempAlarm.typ"
    Type="File"
    LastWriteTime="132809440594058478"
    Private="false" />
  <Object
    Path="C:\projects\DietrichBrewing\Logical\Libraries\MpTemp\MpTemp.fun"
    LogicalPath="Libraries.MpTemp.MpTemp.fun"
    Type="File"
    LastWriteTime="132809440594079354"
    Private="false" />
  <Object
    Path="C:\projects\DietrichBrewing\Logical\Libraries\MpBase\Binary.lby"
    LogicalPath="Libraries.MpBase"
    Type="Library"
    LastWriteTime="132809440594428702" />
  <Object
    Path="C:\projects\DietrichBrewing\Logical\Libraries\MpBase\MpBase.typ"
    LogicalPath="Libraries.MpBase.MpBase.typ"
    Type="File"
    LastWriteTime="132809440594357595"
    Private="false" />
  <Object
    Path="C:\projects\DietrichBrewing\Logical\Libraries\MpBase\MpBase.var"
    LogicalPath="Libraries.MpBase.MpBase.var"
    Type="File"
    LastWriteTime="132809440594379929"
    Private="false" />
  <Object
    Path="C:\projects\DietrichBrewing\Logical\Libraries\MpBase\MpBase.fun"
    LogicalPath="Libraries.MpBase.MpBase.fun"
    Type="File"
    LastWriteTime="132809440594397732"
    Private="false" />
  <Object
    Path="C:\projects\DietrichBrewing\Logical\Libraries\MpBase\Common_EventLog.tmx"
    LogicalPath="Libraries.MpBase.Common_EventLog.tmx"
    Type="File"
    LastWriteTime="132809440594417493"
    Private="false" />
  <Object
    Path="C:\projects\DietrichBrewing\Logical\Libraries\MTBasics\binary.lby"
    LogicalPath="Libraries.MTBasics"
    Type="Library"
    LastWriteTime="132809526039568306" />
  <Object
    Path="C:\projects\DietrichBrewing\Logical\Libraries\MTBasics\MTBasics.fun"
    LogicalPath="Libraries.MTBasics.MTBasics.fun"
    Type="File"
    LastWriteTime="132809526039536924"
    Private="false" />
  <Object
    Path="C:\projects\DietrichBrewing\Logical\Libraries\MTBasics\MTBasics.typ"
    LogicalPath="Libraries.MTBasics.MTBasics.typ"
    Type="File"
    LastWriteTime="132809526039556442"
    Private="false" />
  <Object
    Path="C:\projects\DietrichBrewing\Logical\Libraries\MTBasics\MTBasics.var"
    LogicalPath="Libraries.MTBasics.MTBasics.var"
    Type="File"
    LastWriteTime="132809526039568306"
    Private="false" />
  <Object
    Path="C:\projects\DietrichBrewing\Logical\Libraries\brsystem\binary.lby"
    LogicalPath="Libraries.brsystem"
    Type="Library"
    LastWriteTime="132809526039837768" />
  <Object
    Path="C:\projects\DietrichBrewing\Logical\Libraries\brsystem\brsystem.fun"
    LogicalPath="Libraries.brsystem.brsystem.fun"
    Type="File"
    LastWriteTime="132809526039798207"
    Private="false" />
  <Object
    Path="C:\projects\DietrichBrewing\Logical\Libraries\brsystem\brsystem.typ"
    LogicalPath="Libraries.brsystem.brsystem.typ"
    Type="File"
    LastWriteTime="132809526039818684"
    Private="false" />
  <Object
    Path="C:\projects\DietrichBrewing\Logical\Libraries\brsystem\brsystem.var"
    LogicalPath="Libraries.brsystem.brsystem.var"
    Type="File"
    LastWriteTime="132809526039837768"
    Private="false" />
  <Object
    Path="C:\projects\DietrichBrewing\Logical\Libraries\sys_lib\binary.lby"
    LogicalPath="Libraries.sys_lib"
    Type="Library"
    LastWriteTime="132809526040057074" />
  <Object
    Path="C:\projects\DietrichBrewing\Logical\Libraries\sys_lib\sys_lib.fun"
    LogicalPath="Libraries.sys_lib.sys_lib.fun"
    Type="File"
    LastWriteTime="132809526040018200"
    Private="false" />
  <Object
    Path="C:\projects\DietrichBrewing\Logical\Libraries\sys_lib\sys_lib.typ"
    LogicalPath="Libraries.sys_lib.sys_lib.typ"
    Type="File"
    LastWriteTime="132809526040037430"
    Private="false" />
  <Object
    Path="C:\projects\DietrichBrewing\Logical\Libraries\sys_lib\sys_lib.var"
    LogicalPath="Libraries.sys_lib.sys_lib.var"
    Type="File"
    LastWriteTime="132809526040057074"
    Private="false" />
  <Object
    Path="C:\projects\DietrichBrewing\Logical\Libraries\MTTypes\binary.lby"
    LogicalPath="Libraries.MTTypes"
    Type="Library"
    LastWriteTime="132809526040307015" />
  <Object
    Path="C:\projects\DietrichBrewing\Logical\Libraries\MTTypes\MTTypes.fun"
    LogicalPath="Libraries.MTTypes.MTTypes.fun"
    Type="File"
    LastWriteTime="132809526040217563"
    Private="false" />
  <Object
    Path="C:\projects\DietrichBrewing\Logical\Libraries\MTTypes\MTTypes.typ"
    LogicalPath="Libraries.MTTypes.MTTypes.typ"
    Type="File"
    LastWriteTime="132809526040236634"
    Private="false" />
  <Object
    Path="C:\projects\DietrichBrewing\Logical\Libraries\MTTypes\MTTypes.var"
    LogicalPath="Libraries.MTTypes.MTTypes.var"
    Type="File"
    LastWriteTime="132809526040256847"
    Private="false" />
  <Object
    Path="C:\projects\DietrichBrewing\Logical\Libraries\Functions\IEC.lby"
    LogicalPath="Libraries.Functions"
    Type="Library"
    LastWriteTime="132810272406815134" />
  <Object
    Path="C:\projects\DietrichBrewing\Logical\Libraries\Functions\Types.typ"
    LogicalPath="Libraries.Functions.Types.typ"
    Type="File"
    LastWriteTime="132810259812110025"
    Private="false" />
  <Object
    Path="C:\projects\DietrichBrewing\Logical\Libraries\Functions\Constants.var"
    LogicalPath="Libraries.Functions.Constants.var"
    Type="File"
    LastWriteTime="132810259812118832"
    Private="false" />
  <Object
    Path="C:\projects\DietrichBrewing\Logical\Libraries\Functions\Functions.fun"
    LogicalPath="Libraries.Functions.Functions.fun"
    Type="File"
    LastWriteTime="132810404342763258"
    Private="false" />
  <Object
    Path="C:\projects\DietrichBrewing\Logical\Libraries\Functions\Device.st"
    LogicalPath="Libraries.Functions.Device.st"
    Type="File"
    LastWriteTime="132810403909256858"
    Private="false" />
  <Object
    Path="C:\projects\DietrichBrewing\Logical\Libraries\standard\binary.lby"
    LogicalPath="Libraries.standard"
    Type="Library"
    LastWriteTime="132810449840911513" />
  <Object
    Path="C:\projects\DietrichBrewing\Logical\Libraries\standard\standard.fun"
    LogicalPath="Libraries.standard.standard.fun"
    Type="File"
    LastWriteTime="132810449840859837"
    Private="false" />
  <Object
    Path="C:\projects\DietrichBrewing\Logical\Libraries\standard\standard.typ"
    LogicalPath="Libraries.standard.standard.typ"
    Type="File"
    LastWriteTime="132810449840871332"
    Private="false" />
  <Object
    Path="C:\projects\DietrichBrewing\Logical\Libraries\standard\standard.var"
    LogicalPath="Libraries.standard.standard.var"
    Type="File"
    LastWriteTime="132810449840890681"
    Private="false" />
  <Object
    Path="C:\projects\DietrichBrewing\Logical\Libraries\AsIODiag\binary.lby"
    LogicalPath="Libraries.AsIODiag"
    Type="Library"
    LastWriteTime="132811262540432870" />
  <Object
    Path="C:\projects\DietrichBrewing\Logical\Libraries\AsIODiag\AsIODiag.fun"
    LogicalPath="Libraries.AsIODiag.AsIODiag.fun"
    Type="File"
    LastWriteTime="132811262540283640"
    Private="false" />
  <Object
    Path="C:\projects\DietrichBrewing\Logical\Libraries\AsIODiag\AsIODiag.typ"
    LogicalPath="Libraries.AsIODiag.AsIODiag.typ"
    Type="File"
    LastWriteTime="132811262540432870"
    Private="false" />
  <Object
    Path="C:\projects\DietrichBrewing\Logical\Libraries\AsIODiag\AsIODiag.var"
    LogicalPath="Libraries.AsIODiag.AsIODiag.var"
    Type="File"
    LastWriteTime="132811262540432870"
    Private="false" />
  <Object
    Path="C:\projects\DietrichBrewing\Logical\TempControl\Package.pkg"
    LogicalPath="TempControl"
    Type="Package"
    LastWriteTime="132809449902526811" />
  <Object
    Path="C:\projects\DietrichBrewing\Logical\TempControl\HLT\IEC.prg"
    LogicalPath="TempControl.HLT"
    Type="Program"
    LastWriteTime="132809449779928583" />
  <Object
    Path="C:\projects\DietrichBrewing\Logical\TempControl\HLT\Main.st"
    LogicalPath="TempControl.HLT.Main.st"
    Type="File"
    LastWriteTime="132811263685188488"
    Private="false" />
  <Object
    Path="C:\projects\DietrichBrewing\Logical\TempControl\HLT\Types.typ"
    LogicalPath="TempControl.HLT.Types.typ"
    Type="File"
    LastWriteTime="132809449779909049"
    Private="true" />
  <Object
    Path="C:\projects\DietrichBrewing\Logical\TempControl\HLT\Variables.var"
    LogicalPath="TempControl.HLT.Variables.var"
    Type="File"
    LastWriteTime="132811088775177082"
    Private="true" />
  <Object
    Path="C:\projects\DietrichBrewing\Logical\TempControl\Kettle\IEC.prg"
    LogicalPath="TempControl.Kettle"
    Type="Program"
    LastWriteTime="132809449798136565" />
  <Object
    Path="C:\projects\DietrichBrewing\Logical\TempControl\Kettle\Main.st"
    LogicalPath="TempControl.Kettle.Main.st"
    Type="File"
    LastWriteTime="132809449798106447"
    Private="false" />
  <Object
    Path="C:\projects\DietrichBrewing\Logical\TempControl\Kettle\Types.typ"
    LogicalPath="TempControl.Kettle.Types.typ"
    Type="File"
    LastWriteTime="132809449798117047"
    Private="true" />
  <Object
    Path="C:\projects\DietrichBrewing\Logical\TempControl\Kettle\Variables.var"
    LogicalPath="TempControl.Kettle.Variables.var"
    Type="File"
    LastWriteTime="132809468881633577"
    Private="true" />
  <Object
    Path="C:\projects\DietrichBrewing\Logical\Brewing\Package.pkg"
    LogicalPath="Brewing"
    Type="Package"
    LastWriteTime="132809543396305030" />
  <Object
    Path="C:\projects\DietrichBrewing\Logical\Brewing\BrewingSeq\IEC.prg"
    LogicalPath="Brewing.BrewingSeq"
    Type="Program"
    LastWriteTime="132810238321092970" />
  <Object
    Path="C:\projects\DietrichBrewing\Logical\Brewing\BrewingSeq\Main.st"
    LogicalPath="Brewing.BrewingSeq.Main.st"
    Type="File"
    LastWriteTime="132810459995284348"
    Private="false" />
  <Object
    Path="C:\projects\DietrichBrewing\Logical\Brewing\BrewingSeq\Types.typ"
    LogicalPath="Brewing.BrewingSeq.Types.typ"
    Type="File"
    LastWriteTime="132809547703732032"
    Private="true" />
  <Object
    Path="C:\projects\DietrichBrewing\Logical\Brewing\BrewingSeq\Variables.var"
    LogicalPath="Brewing.BrewingSeq.Variables.var"
    Type="File"
    LastWriteTime="132810448547719738"
    Private="true" />
  <Object
    Path="C:\projects\DietrichBrewing\Logical\Fermenting\Package.pkg"
    LogicalPath="Fermenting"
    Type="Package"
    LastWriteTime="132809449282471831" />
  <Object
    Path="C:\projects\DietrichBrewing\Logical\Distilling\Package.pkg"
    LogicalPath="Distilling"
    Type="Package"
    LastWriteTime="132809449369466057" />
  <Object
    Path="C:\projects\DietrichBrewing\Logical\HMIControl\Package.pkg"
    LogicalPath="HMIControl"
    Type="Package"
    LastWriteTime="132810286302158784" />
  <Object
    Path="C:\projects\DietrichBrewing\Logical\HMIControl\HMIProgram\IEC.prg"
    LogicalPath="HMIControl.HMIProgram"
    Type="Program"
    LastWriteTime="132810286223628093" />
  <Object
    Path="C:\projects\DietrichBrewing\Logical\HMIControl\HMIProgram\Main.st"
    LogicalPath="HMIControl.HMIProgram.Main.st"
    Type="File"
    LastWriteTime="132810436346684950"
    Private="false" />
  <Object
    Path="C:\projects\DietrichBrewing\Logical\HMIControl\HMIProgram\Types.typ"
    LogicalPath="HMIControl.HMIProgram.Types.typ"
    Type="File"
    LastWriteTime="132810287468749990"
    Private="true" />
  <Object
    Path="C:\projects\DietrichBrewing\Logical\HMIControl\HMIProgram\Variables.var"
    LogicalPath="HMIControl.HMIProgram.Variables.var"
    Type="File"
    LastWriteTime="132810290175246799"
    Private="true" />
  <Object
    Path="C:\projects\DietrichBrewing\Logical\mappView\Package.pkg"
    LogicalPath="mappView"
    Type="Package"
    LastWriteTime="132809570193659658" />
  <Object
    Path="C:\projects\DietrichBrewing\Logical\mappView\Layouts\Package.pkg"
    LogicalPath="mappView.Layouts"
    Type="Package"
    LastWriteTime="132809570099598740" />
  <Object
    Path="C:\projects\DietrichBrewing\Logical\mappView\Layouts\Layout.layout"
    LogicalPath="mappView.Layouts.Layout.layout"
    Type="File"
    LastWriteTime="132809570099590085"
    Private="false" />
  <Object
    Path="C:\projects\DietrichBrewing\Logical\mappView\Widgets\Package.pkg"
    LogicalPath="mappView.Widgets"
    Type="Package"
    LastWriteTime="132810420394303945" />
  <Object
    Path="C:\projects\DietrichBrewing\Logical\mappView\Widgets\CustomWidgets\Package.pkg"
    LogicalPath="mappView.Widgets.CustomWidgets"
    Type="Package"
    LastWriteTime="132810420394295758" />
  <Object
    Path="C:\projects\DietrichBrewing\Logical\mappView\Widgets\CustomWidgets\Description.widgetlibrary"
    LogicalPath="mappView.Widgets.CustomWidgets.Description.widgetlibrary"
    Type="File"
    LastWriteTime="132810420394144386"
    Private="false" />
  <Object
    Path="C:\projects\DietrichBrewing\Logical\mappView\Widgets\CustomWidgets\Resources\Package.pkg"
    LogicalPath="mappView.Widgets.CustomWidgets.Resources"
    Type="Package"
    LastWriteTime="132810420394233785" />
  <Object
    Path="C:\projects\DietrichBrewing\Logical\mappView\Widgets\CustomWidgets\Resources\Texts\Package.pkg"
    LogicalPath="mappView.Widgets.CustomWidgets.Resources.Texts"
    Type="Package"
    LastWriteTime="132810420394203175" />
  <Object
    Path="C:\projects\DietrichBrewing\Logical\mappView\Widgets\CustomWidgets\Resources\Media\Package.pkg"
    LogicalPath="mappView.Widgets.CustomWidgets.Resources.Media"
    Type="Package"
    LastWriteTime="132810420394213668" />
  <Object
    Path="C:\projects\DietrichBrewing\Logical\mappView\Widgets\CustomWidgets\StatusIndictors\Package.pkg"
    LogicalPath="mappView.Widgets.CustomWidgets.StatusIndictors"
    Type="Package"
    LastWriteTime="132810420394295758" />
  <Object
    Path="C:\projects\DietrichBrewing\Logical\mappView\Widgets\CustomWidgets\StatusIndictors\Widget.compoundwidget"
    LogicalPath="mappView.Widgets.CustomWidgets.StatusIndictors.Widget.compoundwidget"
    Type="File"
    LastWriteTime="132810420394289353"
    Private="false" />
  <Object
    Path="C:\projects\DietrichBrewing\Logical\mappView\Resources\Package.pkg"
    LogicalPath="mappView.Resources"
    Type="Package"
    LastWriteTime="132809569903596287" />
  <Object
    Path="C:\projects\DietrichBrewing\Logical\mappView\Resources\Texts\Package.pkg"
    LogicalPath="mappView.Resources.Texts"
    Type="Package"
    LastWriteTime="132809569903516194" />
  <Object
    Path="C:\projects\DietrichBrewing\Logical\mappView\Resources\Snippets\Package.pkg"
    LogicalPath="mappView.Resources.Snippets"
    Type="Package"
    LastWriteTime="132809569903536975" />
  <Object
    Path="C:\projects\DietrichBrewing\Logical\mappView\Resources\Themes\Package.pkg"
    LogicalPath="mappView.Resources.Themes"
    Type="Package"
    LastWriteTime="132809569903567039" />
  <Object
    Path="C:\projects\DietrichBrewing\Logical\mappView\Resources\Media\Package.pkg"
    LogicalPath="mappView.Resources.Media"
    Type="Package"
    LastWriteTime="132809569903586395" />
  <Object
    Path="C:\projects\DietrichBrewing\Logical\mappView\Visualization\Package.pkg"
    LogicalPath="mappView.Visualization"
    Type="Package"
    LastWriteTime="132809570193646778" />
  <Object
    Path="C:\projects\DietrichBrewing\Logical\mappView\Visualization\Pages\Package.pkg"
    LogicalPath="mappView.Visualization.Pages"
    Type="Package"
    LastWriteTime="132810406653774769" />
  <Object
    Path="C:\projects\DietrichBrewing\Logical\mappView\Visualization\Pages\AreaContents\Package.pkg"
    LogicalPath="mappView.Visualization.Pages.AreaContents"
    Type="Package"
    LastWriteTime="132809570193426690" />
  <Object
    Path="C:\projects\DietrichBrewing\Logical\mappView\Visualization\Pages\Main\Package.pkg"
    LogicalPath="mappView.Visualization.Pages.Main"
    Type="Package"
    LastWriteTime="132810406784457115" />
  <Object
    Path="C:\projects\DietrichBrewing\Logical\mappView\Visualization\Pages\Main\Main.page"
    LogicalPath="mappView.Visualization.Pages.Main.Main.page"
    Type="File"
    LastWriteTime="132810414020956474"
    Private="false" />
  <Object
    Path="C:\projects\DietrichBrewing\Logical\mappView\Visualization\Pages\Main\Content.content"
    LogicalPath="mappView.Visualization.Pages.Main.Content.content"
    Type="File"
    LastWriteTime="132810446448186371"
    Private="false" />
  <Object
    Path="C:\projects\DietrichBrewing\Logical\mappView\Visualization\Variables\Package.pkg"
    LogicalPath="mappView.Visualization.Variables"
    Type="Package"
    LastWriteTime="132809570193476437" />
  <Object
    Path="C:\projects\DietrichBrewing\Logical\mappView\Visualization\Expressions\Package.pkg"
    LogicalPath="mappView.Visualization.Expressions"
    Type="Package"
    LastWriteTime="132809570193508710" />
  <Object
    Path="C:\projects\DietrichBrewing\Logical\mappView\Visualization\Layouts\Package.pkg"
    LogicalPath="mappView.Visualization.Layouts"
    Type="Package"
    LastWriteTime="132809570193528012" />
  <Object
    Path="C:\projects\DietrichBrewing\Logical\mappView\Visualization\Dialogs\Package.pkg"
    LogicalPath="mappView.Visualization.Dialogs"
    Type="Package"
    LastWriteTime="132809570193566721" />
  <Object
    Path="C:\projects\DietrichBrewing\Logical\mappView\Visualization\Dialogs\AreaContents\Package.pkg"
    LogicalPath="mappView.Visualization.Dialogs.AreaContents"
    Type="Package"
    LastWriteTime="132809570193566721" />
  <Object
    Path="C:\projects\DietrichBrewing\Logical\mappView\Visualization\Resources\Package.pkg"
    LogicalPath="mappView.Visualization.Resources"
    Type="Package"
    LastWriteTime="132809570193646778" />
  <Object
    Path="C:\projects\DietrichBrewing\Logical\mappView\Visualization\Resources\Texts\Package.pkg"
    LogicalPath="mappView.Visualization.Resources.Texts"
    Type="Package"
    LastWriteTime="132809570193609797" />
  <Object
    Path="C:\projects\DietrichBrewing\Logical\mappView\Visualization\Resources\Snippets\Package.pkg"
    LogicalPath="mappView.Visualization.Resources.Snippets"
    Type="Package"
    LastWriteTime="132809570193637905" />
  <Object
    Path="C:\projects\DietrichBrewing\Physical\Config1\Config.pkg"
    LogicalPath="Config1"
    Type="Configuration.ParentUnknown"
    LastWriteTime="132809433760176290" />
  <Object
    Path="C:\projects\DietrichBrewing\Physical\Config1\Hardware.hw"
    LogicalPath="Config1.Hardware.hw"
    Type="File"
    LastWriteTime="132811264185080085"
    Private="false" />
  <Object
    Path="C:\projects\DietrichBrewing\Physical\Config1\Hardware.hwl"
    LogicalPath="Config1.Hardware.hwl"
    Type="File"
    LastWriteTime="132811210958002859"
    Private="false" />
  <Object
    Path="C:\projects\DietrichBrewing\Physical\Config1\X20CP0482\Cpu.pkg"
    LogicalPath="Config1.X20CP0482"
    Type="Cpu"
    LastWriteTime="132811106366351178" />
  <Object
    Path="C:\projects\DietrichBrewing\Physical\Config1\X20CP0482\Cpu.sw"
    LogicalPath="Config1.X20CP0482.Cpu.sw"
    Type="File"
    LastWriteTime="132811262546684287"
    Private="false" />
  <Object
    Path="C:\projects\DietrichBrewing\Physical\Config1\X20CP0482\Cpu.per"
    LogicalPath="Config1.X20CP0482.Cpu.per"
    Type="File"
    LastWriteTime="132809433730666497"
    Private="false" />
  <Object
    Path="C:\projects\DietrichBrewing\Physical\Config1\X20CP0482\IoMap.iom"
    LogicalPath="Config1.X20CP0482.IoMap.iom"
    Type="File"
    LastWriteTime="132811205628033954"
    Private="false" />
  <Object
    Path="C:\projects\DietrichBrewing\Physical\Config1\X20CP0482\PvMap.vvm"
    LogicalPath="Config1.X20CP0482.PvMap.vvm"
    Type="File"
    LastWriteTime="132809433730666497"
    Private="false" />
  <Object
    Path="C:\projects\DietrichBrewing\Physical\Config1\X20CP0482\Connectivity\Package.pkg"
    LogicalPath="Config1.X20CP0482.Connectivity"
    Type="Package"
    LastWriteTime="132809433730794118" />
  <Object
    Path="C:\projects\DietrichBrewing\Physical\Config1\X20CP0482\Connectivity\OpcUA\Package.pkg"
    LogicalPath="Config1.X20CP0482.Connectivity.OpcUA"
    Type="Package"
    LastWriteTime="132809446935014476" />
  <Object
    Path="C:\projects\DietrichBrewing\Physical\Config1\X20CP0482\Connectivity\OpcUA\OpcUaMap.uad"
    LogicalPath="Config1.X20CP0482.Connectivity.OpcUA.OpcUaMap.uad"
    Type="File"
    LastWriteTime="132810422422351473"
    Private="false" />
  <Object
    Path="C:\projects\DietrichBrewing\Physical\Config1\X20CP0482\TextSystem\Package.pkg"
    LogicalPath="Config1.X20CP0482.TextSystem"
    Type="Package"
    LastWriteTime="132809433730950002" />
  <Object
    Path="C:\projects\DietrichBrewing\Physical\Config1\X20CP0482\UnitSystem\Package.pkg"
    LogicalPath="Config1.X20CP0482.UnitSystem"
    Type="Package"
    LastWriteTime="132809433730950002" />
  <Object
    Path="C:\projects\DietrichBrewing\Physical\Config1\X20CP0482\AccessAndSecurity\Package.pkg"
    LogicalPath="Config1.X20CP0482.AccessAndSecurity"
    Type="Package"
    LastWriteTime="132809433731262266" />
  <Object
    Path="C:\projects\DietrichBrewing\Physical\Config1\X20CP0482\AccessAndSecurity\UserRoleSystem\Package.pkg"
    LogicalPath="Config1.X20CP0482.AccessAndSecurity.UserRoleSystem"
    Type="Package"
    LastWriteTime="132809433730950002" />
  <Object
    Path="C:\projects\DietrichBrewing\Physical\Config1\X20CP0482\AccessAndSecurity\UserRoleSystem\Role.role"
    LogicalPath="Config1.X20CP0482.AccessAndSecurity.UserRoleSystem.Role.role"
    Type="File"
    LastWriteTime="132809433730950002"
    Private="false" />
  <Object
    Path="C:\projects\DietrichBrewing\Physical\Config1\X20CP0482\AccessAndSecurity\UserRoleSystem\User.user"
    LogicalPath="Config1.X20CP0482.AccessAndSecurity.UserRoleSystem.User.user"
    Type="File"
    LastWriteTime="132809433730950002"
    Private="false" />
  <Object
    Path="C:\projects\DietrichBrewing\Physical\Config1\X20CP0482\AccessAndSecurity\CertificateStore\Package.pkg"
    LogicalPath="Config1.X20CP0482.AccessAndSecurity.CertificateStore"
    Type="Package"
    LastWriteTime="132809433731105882" />
  <Object
    Path="C:\projects\DietrichBrewing\Physical\Config1\X20CP0482\AccessAndSecurity\CertificateStore\OwnCertificates\Package.pkg"
    LogicalPath="Config1.X20CP0482.AccessAndSecurity.CertificateStore.OwnCertificates"
    Type="Package"
    LastWriteTime="132809433731105882" />
  <Object
    Path="C:\projects\DietrichBrewing\Physical\Config1\X20CP0482\AccessAndSecurity\CertificateStore\OwnCertificates\Certificates\Package.pkg"
    LogicalPath="Config1.X20CP0482.AccessAndSecurity.CertificateStore.OwnCertificates.Certificates"
    Type="Package"
    LastWriteTime="132809433731105882" />
  <Object
    Path="C:\projects\DietrichBrewing\Physical\Config1\X20CP0482\AccessAndSecurity\CertificateStore\OwnCertificates\PrivateKeys\Package.pkg"
    LogicalPath="Config1.X20CP0482.AccessAndSecurity.CertificateStore.OwnCertificates.PrivateKeys"
    Type="Package"
    LastWriteTime="132809433731105882" />
  <Object
    Path="C:\projects\DietrichBrewing\Physical\Config1\X20CP0482\AccessAndSecurity\CertificateStore\ThirdPartyCertificates\Package.pkg"
    LogicalPath="Config1.X20CP0482.AccessAndSecurity.CertificateStore.ThirdPartyCertificates"
    Type="Package"
    LastWriteTime="132809433731105882" />
  <Object
    Path="C:\projects\DietrichBrewing\Physical\Config1\X20CP0482\AccessAndSecurity\CertificateStore\ThirdPartyCertificates\SoftwareCertificates\Package.pkg"
    LogicalPath="Config1.X20CP0482.AccessAndSecurity.CertificateStore.ThirdPartyCertificates.SoftwareCertificates"
    Type="Package"
    LastWriteTime="132809433731105882" />
  <Object
    Path="C:\projects\DietrichBrewing\Physical\Config1\X20CP0482\AccessAndSecurity\CertificateStore\CertificateRevocationLists\Package.pkg"
    LogicalPath="Config1.X20CP0482.AccessAndSecurity.CertificateStore.CertificateRevocationLists"
    Type="Package"
    LastWriteTime="132809433731105882" />
  <Object
    Path="C:\projects\DietrichBrewing\Physical\Config1\X20CP0482\AccessAndSecurity\CertificateStore\CertificateSigningRequests\Package.pkg"
    LogicalPath="Config1.X20CP0482.AccessAndSecurity.CertificateStore.CertificateSigningRequests"
    Type="Package"
    LastWriteTime="132809433731105882" />
  <Object
    Path="C:\projects\DietrichBrewing\Physical\Config1\X20CP0482\AccessAndSecurity\TransportLayerSecurity\Package.pkg"
    LogicalPath="Config1.X20CP0482.AccessAndSecurity.TransportLayerSecurity"
    Type="Package"
    LastWriteTime="132809433731105882" />
  <Object
    Path="C:\projects\DietrichBrewing\Physical\Config1\X20CP0482\AccessAndSecurity\Firewall\Package.pkg"
    LogicalPath="Config1.X20CP0482.AccessAndSecurity.Firewall"
    Type="Package"
    LastWriteTime="132809433731262266" />
  <Object
    Path="C:\projects\DietrichBrewing\Physical\Config1\X20CP0482\AccessAndSecurity\Firewall\Rules.firewallRules"
    LogicalPath="Config1.X20CP0482.AccessAndSecurity.Firewall.Rules.firewallRules"
    Type="File"
    LastWriteTime="132809433731262266"
    Private="false" />
  <Object
    Path="C:\projects\DietrichBrewing\Physical\Config1\X20CP0482\mappControl\Package.pkg"
    LogicalPath="Config1.X20CP0482.mappControl"
    Type="Package"
    LastWriteTime="132809440552577531" />
  <Object
    Path="C:\projects\DietrichBrewing\Physical\Config1\X20CP0482\mappControl\Config.tempcontroller"
    LogicalPath="Config1.X20CP0482.mappControl.Config.tempcontroller"
    Type="File"
    LastWriteTime="132811087878385513"
    Private="false" />
  <Object
    Path="C:\projects\DietrichBrewing\Physical\Config1\X20CP0482\mappMotion\Package.pkg"
    LogicalPath="Config1.X20CP0482.mappMotion"
    Type="Package"
    LastWriteTime="132809433731262266" />
  <Object
    Path="C:\projects\DietrichBrewing\Physical\Config1\X20CP0482\mappServices\Package.pkg"
    LogicalPath="Config1.X20CP0482.mappServices"
    Type="Package"
    LastWriteTime="132809443070498761" />
  <Object
    Path="C:\projects\DietrichBrewing\Physical\Config1\X20CP0482\mappServices\Config_1.mpalarmxcore"
    LogicalPath="Config1.X20CP0482.mappServices.Config_1.mpalarmxcore"
    Type="File"
    LastWriteTime="132809443070488362"
    Private="false" />
  <Object
    Path="C:\projects\DietrichBrewing\Physical\Config1\X20CP0482\mappSafety\Package.pkg"
    LogicalPath="Config1.X20CP0482.mappSafety"
    Type="Package"
    LastWriteTime="132809433731262266" />
  <Object
    Path="C:\projects\DietrichBrewing\Physical\Config1\X20CP0482\mappSafety\SafeApplication\Package.pkg"
    LogicalPath="Config1.X20CP0482.mappSafety.SafeApplication"
    Type="Package"
    LastWriteTime="132809433731262266" />
  <Object
    Path="C:\projects\DietrichBrewing\Physical\Config1\X20CP0482\mappSafety\SafeCommissioning\Package.pkg"
    LogicalPath="Config1.X20CP0482.mappSafety.SafeCommissioning"
    Type="Package"
    LastWriteTime="132809433731262266" />
  <Object
    Path="C:\projects\DietrichBrewing\Physical\Config1\X20CP0482\mappView\Package.pkg"
    LogicalPath="Config1.X20CP0482.mappView"
    Type="Package"
    LastWriteTime="132810411491850038" />
  <Object
    Path="C:\projects\DietrichBrewing\Physical\Config1\X20CP0482\mappView\Config.mappviewcfg"
    LogicalPath="Config1.X20CP0482.mappView.Config.mappviewcfg"
    Type="File"
    LastWriteTime="132810409539881529"
    Private="false" />
  <Object
    Path="C:\projects\DietrichBrewing\Physical\Config1\X20CP0482\mappView\Visualizat.vis"
    LogicalPath="Config1.X20CP0482.mappView.Visualizat.vis"
    Type="File"
    LastWriteTime="132810409132982968"
    Private="false" />
  <Object
    Path="C:\projects\DietrichBrewing\Physical\Config1\X20CP0482\mappView\MainContent.binding"
    LogicalPath="Config1.X20CP0482.mappView.MainContent.binding"
    Type="File"
    LastWriteTime="132810446448200651"
    Private="false" />
  <Object
    Path="C:\projects\DietrichBrewing\Physical\Config1\X20CP0482\mappVision\Package.pkg"
    LogicalPath="Config1.X20CP0482.mappVision"
    Type="Package"
    LastWriteTime="132809433731418705" />
  <Object
    Path="C:\projects\DietrichBrewing\Physical\Config1\X20CP0482\mappCockpit\Package.pkg"
    LogicalPath="Config1.X20CP0482.mappCockpit"
    Type="Package"
    LastWriteTime="132809433731418705" />
  <Object
    Path="C:\projects\DietrichBrewing\Physical\Config1\Hardware.jpg"
    LogicalPath="Config1.Hardware.jpg"
    Type="File"
    LastWriteTime="132811210958321285"
    Private="false" />
</Objects>