G:\GitRepos\Brewery\DietrichBrewery\Temp\Includes\AS_TempDecl\Config1\GlobalComponents\MpComponents.var
G:\GitRepos\Brewery\DietrichBrewery\Logical\Global.typ
G:\GitRepos\Brewery\DietrichBrewery\Logical\Global.var
G:\GitRepos\Brewery\DietrichBrewery\Logical\Libraries\operator\operator.fun
G:\GitRepos\Brewery\DietrichBrewery\Logical\Libraries\operator\operator.typ
G:\GitRepos\Brewery\DietrichBrewery\Logical\Libraries\operator\operator.var
G:\GitRepos\Brewery\DietrichBrewery\Logical\Libraries\runtime\runtime.fun
G:\GitRepos\Brewery\DietrichBrewery\Logical\Libraries\runtime\runtime.typ
G:\GitRepos\Brewery\DietrichBrewery\Logical\Libraries\runtime\runtime.var
G:\GitRepos\Brewery\DietrichBrewery\Logical\Libraries\astime\astime.fun
G:\GitRepos\Brewery\DietrichBrewery\Logical\Libraries\astime\astime.typ
G:\GitRepos\Brewery\DietrichBrewery\Logical\Libraries\astime\astime.var
G:\GitRepos\Brewery\DietrichBrewery\Logical\Libraries\AsIecCon\AsIecCon.fun
G:\GitRepos\Brewery\DietrichBrewery\Logical\Libraries\AsIecCon\AsIecCon.typ
G:\GitRepos\Brewery\DietrichBrewery\Logical\Libraries\AsIecCon\AsIecCon.var
G:\GitRepos\Brewery\DietrichBrewery\Logical\Libraries\brsystem\brsystem.fun
G:\GitRepos\Brewery\DietrichBrewery\Logical\Libraries\brsystem\brsystem.typ
G:\GitRepos\Brewery\DietrichBrewery\Logical\Libraries\brsystem\brsystem.var
G:\GitRepos\Brewery\DietrichBrewery\Logical\Libraries\sys_lib\sys_lib.fun
G:\GitRepos\Brewery\DietrichBrewery\Logical\Libraries\sys_lib\sys_lib.typ
G:\GitRepos\Brewery\DietrichBrewery\Logical\Libraries\sys_lib\sys_lib.var
G:\GitRepos\Brewery\DietrichBrewery\Logical\Libraries\MTTypes\MTTypes.fun
G:\GitRepos\Brewery\DietrichBrewery\Logical\Libraries\MTTypes\MTTypes.typ
G:\GitRepos\Brewery\DietrichBrewery\Logical\Libraries\MTTypes\MTTypes.var
G:\GitRepos\Brewery\DietrichBrewery\Logical\Libraries\Functions\Types.typ
G:\GitRepos\Brewery\DietrichBrewery\Logical\Libraries\Functions\Constants.var
G:\GitRepos\Brewery\DietrichBrewery\Logical\Libraries\Functions\Functions.fun
G:\GitRepos\Brewery\DietrichBrewery\Logical\Libraries\standard\standard.fun
G:\GitRepos\Brewery\DietrichBrewery\Logical\Libraries\standard\standard.typ
G:\GitRepos\Brewery\DietrichBrewery\Logical\Libraries\standard\standard.var
G:\GitRepos\Brewery\DietrichBrewery\Logical\Libraries\AsIODiag\AsIODiag.fun
G:\GitRepos\Brewery\DietrichBrewery\Logical\Libraries\AsIODiag\AsIODiag.typ
G:\GitRepos\Brewery\DietrichBrewery\Logical\Libraries\AsIODiag\AsIODiag.var
G:\GitRepos\Brewery\DietrichBrewery\Logical\Libraries\ViBase\ViBase.fun
G:\GitRepos\Brewery\DietrichBrewery\Logical\Libraries\ViBase\ViBase.typ
G:\GitRepos\Brewery\DietrichBrewery\Logical\Libraries\ViBase\ViBase.var
G:\GitRepos\Brewery\DietrichBrewery\Logical\Libraries\AsZip\AsZip.fun
G:\GitRepos\Brewery\DietrichBrewery\Logical\Libraries\AsZip\AsZip.typ
G:\GitRepos\Brewery\DietrichBrewery\Logical\Libraries\AsZip\AsZip.var
G:\GitRepos\Brewery\DietrichBrewery\Logical\Libraries\FileIO\FileIO.fun
G:\GitRepos\Brewery\DietrichBrewery\Logical\Libraries\FileIO\FileIO.typ
G:\GitRepos\Brewery\DietrichBrewery\Logical\Libraries\FileIO\FileIO.var
G:\GitRepos\Brewery\DietrichBrewery\Logical\Libraries\AsARCfg\AsARCfg.fun
G:\GitRepos\Brewery\DietrichBrewery\Logical\Libraries\AsARCfg\AsARCfg.typ
G:\GitRepos\Brewery\DietrichBrewery\Logical\Libraries\AsARCfg\AsARCfg.var
G:\GitRepos\Brewery\DietrichBrewery\Logical\Libraries\powerlnk\powerlnk.fun
G:\GitRepos\Brewery\DietrichBrewery\Logical\Libraries\powerlnk\powerlnk.typ
G:\GitRepos\Brewery\DietrichBrewery\Logical\Libraries\powerlnk\powerlnk.var
G:\GitRepos\Brewery\DietrichBrewery\Logical\Libraries\AsEPL\AsEPL.fun
G:\GitRepos\Brewery\DietrichBrewery\Logical\Libraries\AsEPL\AsEPL.typ
G:\GitRepos\Brewery\DietrichBrewery\Logical\Libraries\AsEPL\AsEPL.var
G:\GitRepos\Brewery\DietrichBrewery\Logical\Libraries\AsIO\AsIO.fun
G:\GitRepos\Brewery\DietrichBrewery\Logical\Libraries\AsIO\AsIO.typ
G:\GitRepos\Brewery\DietrichBrewery\Logical\Libraries\AsIO\AsIO.var
G:\GitRepos\Brewery\DietrichBrewery\Logical\Libraries\CoTrace\CoTrace.fun
G:\GitRepos\Brewery\DietrichBrewery\Logical\Libraries\CoTrace\CoTrace.typ
G:\GitRepos\Brewery\DietrichBrewery\Logical\Libraries\CoTrace\CoTrace.var
G:\GitRepos\Brewery\DietrichBrewery\Logical\Libraries\MpTemp\MpTemp.var
G:\GitRepos\Brewery\DietrichBrewery\Logical\Libraries\MpTemp\MpTemp.typ
G:\GitRepos\Brewery\DietrichBrewery\Logical\Libraries\MpTemp\MpTempError.typ
G:\GitRepos\Brewery\DietrichBrewery\Logical\Libraries\MpTemp\MpTempAlarm.typ
G:\GitRepos\Brewery\DietrichBrewery\Logical\Libraries\MpTemp\MpTemp.fun
G:\GitRepos\Brewery\DietrichBrewery\Logical\Libraries\MpBase\MpBase.var
G:\GitRepos\Brewery\DietrichBrewery\Logical\Libraries\MpBase\MpBase.typ
G:\GitRepos\Brewery\DietrichBrewery\Logical\Libraries\MpBase\MpBase.fun
G:\GitRepos\Brewery\DietrichBrewery\Logical\Libraries\MTBasics\MTBasics.fun
G:\GitRepos\Brewery\DietrichBrewery\Logical\Libraries\MTBasics\MTBasics.typ
G:\GitRepos\Brewery\DietrichBrewery\Logical\Libraries\MTBasics\MTBasics.var
G:\GitRepos\Brewery\DietrichBrewery\Logical\Libraries\Acp10man\Acp10man.typ
G:\GitRepos\Brewery\DietrichBrewery\Logical\Libraries\Acp10par\Acp10par.var
G:\GitRepos\Brewery\DietrichBrewery\Logical\Libraries\NcGlobal\NcGlobal.fun
G:\GitRepos\Brewery\DietrichBrewery\Logical\Libraries\NcGlobal\NcGlobal.typ
G:\GitRepos\Brewery\DietrichBrewery\Logical\Libraries\NcGlobal\NcGlobal.var
G:\GitRepos\Brewery\DietrichBrewery\Logical\Libraries\MpAlarmX\MpAlarmX.typ
G:\GitRepos\Brewery\DietrichBrewery\Logical\Libraries\MpAlarmX\MpAlarmXError.typ
G:\GitRepos\Brewery\DietrichBrewery\Logical\Libraries\MpAlarmX\MpAlarmX.fun
