C:\Users\Shawn\Documents\GitHub\Dietrich Brewery\Temp\Includes\AS_TempDecl\Config1\GlobalComponents\MpComponents.var
C:\Users\Shawn\Documents\GitHub\Dietrich Brewery\Logical\Global.typ
C:\Users\Shawn\Documents\GitHub\Dietrich Brewery\Logical\Global.var
C:\Users\Shawn\Documents\GitHub\Dietrich Brewery\Logical\Libraries\operator\operator.fun
C:\Users\Shawn\Documents\GitHub\Dietrich Brewery\Logical\Libraries\operator\operator.typ
C:\Users\Shawn\Documents\GitHub\Dietrich Brewery\Logical\Libraries\operator\operator.var
C:\Users\Shawn\Documents\GitHub\Dietrich Brewery\Logical\Libraries\runtime\runtime.fun
C:\Users\Shawn\Documents\GitHub\Dietrich Brewery\Logical\Libraries\runtime\runtime.typ
C:\Users\Shawn\Documents\GitHub\Dietrich Brewery\Logical\Libraries\runtime\runtime.var
C:\Users\Shawn\Documents\GitHub\Dietrich Brewery\Logical\Libraries\astime\astime.fun
C:\Users\Shawn\Documents\GitHub\Dietrich Brewery\Logical\Libraries\astime\astime.typ
C:\Users\Shawn\Documents\GitHub\Dietrich Brewery\Logical\Libraries\astime\astime.var
C:\Users\Shawn\Documents\GitHub\Dietrich Brewery\Logical\Libraries\AsIecCon\AsIecCon.fun
C:\Users\Shawn\Documents\GitHub\Dietrich Brewery\Logical\Libraries\AsIecCon\AsIecCon.typ
C:\Users\Shawn\Documents\GitHub\Dietrich Brewery\Logical\Libraries\AsIecCon\AsIecCon.var
C:\Users\Shawn\Documents\GitHub\Dietrich Brewery\Logical\Libraries\MpTemp\MpTemp.var
C:\Users\Shawn\Documents\GitHub\Dietrich Brewery\Logical\Libraries\MpTemp\MpTemp.typ
C:\Users\Shawn\Documents\GitHub\Dietrich Brewery\Logical\Libraries\MpTemp\MpTempError.typ
C:\Users\Shawn\Documents\GitHub\Dietrich Brewery\Logical\Libraries\MpTemp\MpTempAlarm.typ
C:\Users\Shawn\Documents\GitHub\Dietrich Brewery\Logical\Libraries\MpTemp\MpTemp.fun
C:\Users\Shawn\Documents\GitHub\Dietrich Brewery\Logical\Libraries\MpBase\MpBase.typ
C:\Users\Shawn\Documents\GitHub\Dietrich Brewery\Logical\Libraries\MpBase\MpBase.var
C:\Users\Shawn\Documents\GitHub\Dietrich Brewery\Logical\Libraries\MpBase\MpBase.fun
C:\Users\Shawn\Documents\GitHub\Dietrich Brewery\Logical\Libraries\MTBasics\MTBasics.fun
C:\Users\Shawn\Documents\GitHub\Dietrich Brewery\Logical\Libraries\MTBasics\MTBasics.typ
C:\Users\Shawn\Documents\GitHub\Dietrich Brewery\Logical\Libraries\MTBasics\MTBasics.var
C:\Users\Shawn\Documents\GitHub\Dietrich Brewery\Logical\Libraries\brsystem\brsystem.fun
C:\Users\Shawn\Documents\GitHub\Dietrich Brewery\Logical\Libraries\brsystem\brsystem.typ
C:\Users\Shawn\Documents\GitHub\Dietrich Brewery\Logical\Libraries\brsystem\brsystem.var
C:\Users\Shawn\Documents\GitHub\Dietrich Brewery\Logical\Libraries\sys_lib\sys_lib.fun
C:\Users\Shawn\Documents\GitHub\Dietrich Brewery\Logical\Libraries\sys_lib\sys_lib.typ
C:\Users\Shawn\Documents\GitHub\Dietrich Brewery\Logical\Libraries\sys_lib\sys_lib.var
C:\Users\Shawn\Documents\GitHub\Dietrich Brewery\Logical\Libraries\MTTypes\MTTypes.fun
C:\Users\Shawn\Documents\GitHub\Dietrich Brewery\Logical\Libraries\MTTypes\MTTypes.typ
C:\Users\Shawn\Documents\GitHub\Dietrich Brewery\Logical\Libraries\MTTypes\MTTypes.var
C:\Users\Shawn\Documents\GitHub\Dietrich Brewery\Logical\Libraries\Functions\Types.typ
C:\Users\Shawn\Documents\GitHub\Dietrich Brewery\Logical\Libraries\Functions\Constants.var
C:\Users\Shawn\Documents\GitHub\Dietrich Brewery\Logical\Libraries\Functions\Functions.fun
C:\Users\Shawn\Documents\GitHub\Dietrich Brewery\Logical\Libraries\standard\standard.fun
C:\Users\Shawn\Documents\GitHub\Dietrich Brewery\Logical\Libraries\standard\standard.typ
C:\Users\Shawn\Documents\GitHub\Dietrich Brewery\Logical\Libraries\standard\standard.var
C:\Users\Shawn\Documents\GitHub\Dietrich Brewery\Logical\Libraries\AsIODiag\AsIODiag.fun
C:\Users\Shawn\Documents\GitHub\Dietrich Brewery\Logical\Libraries\AsIODiag\AsIODiag.typ
C:\Users\Shawn\Documents\GitHub\Dietrich Brewery\Logical\Libraries\AsIODiag\AsIODiag.var
